current directory: /Users/rickysaif/DK/RickySaif.github.io/vendor/bundle/ruby/3.4.0/gems/json-2.19.5/ext/json/ext/parser
/Users/rickysaif/.rubies/ruby-3.4.4/bin/ruby extconf.rb
checking for rb_enc_interned_str() in ruby/encoding.h... yes
checking for rb_str_to_interned_str() in ruby.h... yes
checking for rb_hash_new_capa() in ruby.h... yes
checking for rb_hash_bulk_insert() in ruby.h... yes
checking for RUBY_TYPED_EMBEDDABLE in ruby.h... yes
checking for whether -std=c99 is accepted as CFLAGS... yes
checking for arm_neon.h... yes
checking for cpuid.h... no
creating Makefile

current directory: /Users/rickysaif/DK/RickySaif.github.io/vendor/bundle/ruby/3.4.0/gems/json-2.19.5/ext/json/ext/parser
make -j9 DESTDIR\= sitearchdir\=./.gem.20260519-53117-e7xh6e sitelibdir\=./.gem.20260519-53117-e7xh6e clean

current directory: /Users/rickysaif/DK/RickySaif.github.io/vendor/bundle/ruby/3.4.0/gems/json-2.19.5/ext/json/ext/parser
make -j9 DESTDIR\= sitearchdir\=./.gem.20260519-53117-e7xh6e sitelibdir\=./.gem.20260519-53117-e7xh6e
compiling parser.c
linking shared-object json/ext/parser.bundle
ld: warning: search path '/opt/homebrew/opt/gdbm/lib' not found
ld: warning: search path '/opt/homebrew/Cellar/readline/8.2.13/lib' not found
ld: warning: search path '/opt/homebrew/Cellar/readline/8.2.13/lib' not found

current directory: /Users/rickysaif/DK/RickySaif.github.io/vendor/bundle/ruby/3.4.0/gems/json-2.19.5/ext/json/ext/parser
make -j9 DESTDIR\= sitearchdir\=./.gem.20260519-53117-e7xh6e sitelibdir\=./.gem.20260519-53117-e7xh6e install
/usr/bin/install -c -m 0755 parser.bundle ./.gem.20260519-53117-e7xh6e/json/ext

current directory: /Users/rickysaif/DK/RickySaif.github.io/vendor/bundle/ruby/3.4.0/gems/json-2.19.5/ext/json/ext/parser
make DESTDIR\= sitearchdir\=./.gem.20260519-53117-e7xh6e sitelibdir\=./.gem.20260519-53117-e7xh6e clean
