current directory: /Users/rickysaif/DK/RickySaif.github.io/vendor/bundle/ruby/3.4.0/gems/http_parser.rb-0.8.1/ext/ruby_http_parser
/Users/rickysaif/.rubies/ruby-3.4.4/bin/ruby extconf.rb
creating Makefile

current directory: /Users/rickysaif/DK/RickySaif.github.io/vendor/bundle/ruby/3.4.0/gems/http_parser.rb-0.8.1/ext/ruby_http_parser
make -j9 DESTDIR\= sitearchdir\=./.gem.20260519-53117-25kmnl sitelibdir\=./.gem.20260519-53117-25kmnl clean

current directory: /Users/rickysaif/DK/RickySaif.github.io/vendor/bundle/ruby/3.4.0/gems/http_parser.rb-0.8.1/ext/ruby_http_parser
make -j9 DESTDIR\= sitearchdir\=./.gem.20260519-53117-25kmnl sitelibdir\=./.gem.20260519-53117-25kmnl
compiling ruby_http_parser.c
compiling ryah_http_parser.c
ruby_http_parser.c:373:17: warning: comparison of integers of different signs: 'size_t' (aka 'unsigned long') and 'long' [-Wsign-compare]
    if (nparsed < len)
        ~~~~~~~ ^ ~~~
1 warning generated.
linking shared-object ruby_http_parser.bundle
ld: warning: search path '/opt/homebrew/opt/gdbm/lib' not found
ld: warning: search path '/opt/homebrew/Cellar/readline/8.2.13/lib' not found
ld: warning: search path '/opt/homebrew/Cellar/readline/8.2.13/lib' not found

current directory: /Users/rickysaif/DK/RickySaif.github.io/vendor/bundle/ruby/3.4.0/gems/http_parser.rb-0.8.1/ext/ruby_http_parser
make -j9 DESTDIR\= sitearchdir\=./.gem.20260519-53117-25kmnl sitelibdir\=./.gem.20260519-53117-25kmnl install
/usr/bin/install -c -m 0755 ruby_http_parser.bundle ./.gem.20260519-53117-25kmnl

current directory: /Users/rickysaif/DK/RickySaif.github.io/vendor/bundle/ruby/3.4.0/gems/http_parser.rb-0.8.1/ext/ruby_http_parser
make DESTDIR\= sitearchdir\=./.gem.20260519-53117-25kmnl sitelibdir\=./.gem.20260519-53117-25kmnl clean
